# serializer version: 1
# name: test_drive_import_byte_identical
  dict({
    'catalog': dict({
      'aliases': list([
        tuple(
          'mpn',
          'st12000ne0008',
          'st12000ne0008',
          None,
          None,
          None,
          'catalog_authoritative',
          True,
          'manufacturer_reference',
          None,
        ),
        tuple(
          'mpn',
          'st14000ne0008',
          'st14000ne0008',
          None,
          None,
          None,
          'catalog_authoritative',
          True,
          'manufacturer_reference',
          None,
        ),
        tuple(
          'mpn',
          'st16000ne000',
          'st16000ne000',
          None,
          None,
          None,
          'catalog_authoritative',
          True,
          'manufacturer_reference',
          None,
        ),
        tuple(
          'mpn',
          'st16000nm002c',
          'st16000nm002c',
          None,
          None,
          None,
          'catalog_authoritative',
          True,
          'manufacturer_reference',
          None,
        ),
        tuple(
          'mpn',
          'st18000ne000',
          'st18000ne000',
          None,
          None,
          None,
          'catalog_authoritative',
          True,
          'manufacturer_reference',
          None,
        ),
        tuple(
          'mpn',
          'st20000ne000',
          'st20000ne000',
          None,
          None,
          None,
          'catalog_authoritative',
          True,
          'manufacturer_reference',
          None,
        ),
        tuple(
          'mpn',
          'st20000nm002c',
          'st20000nm002c',
          None,
          None,
          None,
          'catalog_authoritative',
          True,
          'manufacturer_reference',
          None,
        ),
        tuple(
          'mpn',
          'st22000nm000c',
          'st22000nm000c',
          None,
          None,
          None,
          'catalog_authoritative',
          True,
          'manufacturer_reference',
          None,
        ),
        tuple(
          'mpn',
          'st24000nm000c',
          'st24000nm000c',
          None,
          None,
          None,
          'catalog_authoritative',
          True,
          'manufacturer_reference',
          None,
        ),
        tuple(
          'mpn',
          'st26000nm000c',
          'st26000nm000c',
          None,
          None,
          None,
          'catalog_authoritative',
          True,
          'manufacturer_reference',
          None,
        ),
        tuple(
          'mpn',
          'st28000nm000c',
          'st28000nm000c',
          None,
          None,
          None,
          'catalog_authoritative',
          True,
          'manufacturer_reference',
          None,
        ),
        tuple(
          'mpn',
          'wuh721816ale604',
          'wuh721816ale604',
          None,
          None,
          None,
          'catalog_authoritative',
          True,
          'manufacturer_reference',
          None,
        ),
        tuple(
          'mpn',
          'wuh721816ale6l4',
          'wuh721816ale6l4',
          None,
          None,
          None,
          'catalog_authoritative',
          True,
          'manufacturer_reference',
          None,
        ),
        tuple(
          'mpn',
          'wuh721818al5201',
          'wuh721818al5201',
          None,
          None,
          None,
          'catalog_authoritative',
          True,
          'manufacturer_reference',
          None,
        ),
        tuple(
          'mpn',
          'wuh721818ale6l4',
          'wuh721818ale6l4',
          None,
          None,
          None,
          'catalog_authoritative',
          True,
          'manufacturer_reference',
          None,
        ),
        tuple(
          'retail_pn',
          '0f38352',
          'wuh721818al5201',
          None,
          None,
          None,
          'catalog_authoritative',
          False,
          'manufacturer_reference',
          None,
        ),
        tuple(
          'retail_pn',
          '0f38459',
          'wuh721818ale6l4',
          None,
          None,
          None,
          'catalog_authoritative',
          False,
          'manufacturer_reference',
          None,
        ),
      ]),
      'categories': list([
        tuple(
          'drive',
          'Drive',
        ),
      ]),
      'drive_specs': list([
        tuple(
          'st12000ne0008',
          dict({
            'cache_mb': '256',
            'capacity_tb': "Decimal('12.000')",
            'dwpd': 'None',
            'expires_at': 'None',
            'form_factor': "'3.5'",
            'interface': "'SATA 6Gb/s'",
            'market_tier': "'nas'",
            'media_type': "'hdd'",
            'model_family': "'IronWolf Pro'",
            'plp': 'None',
            'recording_tech': "'cmr'",
            'retention_class': "'manufacturer_reference'",
            'rpm': '7200',
            'sector_format': "'512e'",
            'sed': 'None',
            'spec_json': '{}',
            'tbw': 'None',
            'workload_tb_year': '300',
          }),
        ),
        tuple(
          'st14000ne0008',
          dict({
            'cache_mb': '256',
            'capacity_tb': "Decimal('14.000')",
            'dwpd': 'None',
            'expires_at': 'None',
            'form_factor': "'3.5'",
            'interface': "'SATA 6Gb/s'",
            'market_tier': "'nas'",
            'media_type': "'hdd'",
            'model_family': "'IronWolf Pro'",
            'plp': 'None',
            'recording_tech': "'cmr'",
            'retention_class': "'manufacturer_reference'",
            'rpm': '7200',
            'sector_format': "'512e'",
            'sed': 'None',
            'spec_json': '{}',
            'tbw': 'None',
            'workload_tb_year': '300',
          }),
        ),
        tuple(
          'st16000ne000',
          dict({
            'cache_mb': '256',
            'capacity_tb': "Decimal('16.000')",
            'dwpd': 'None',
            'expires_at': 'None',
            'form_factor': "'3.5'",
            'interface': "'SATA 6Gb/s'",
            'market_tier': "'nas'",
            'media_type': "'hdd'",
            'model_family': "'IronWolf Pro'",
            'plp': 'None',
            'recording_tech': "'cmr'",
            'retention_class': "'manufacturer_reference'",
            'rpm': '7200',
            'sector_format': "'512e'",
            'sed': 'None',
            'spec_json': '{}',
            'tbw': 'None',
            'workload_tb_year': '300',
          }),
        ),
        tuple(
          'st16000nm002c',
          dict({
            'cache_mb': '512',
            'capacity_tb': "Decimal('16.000')",
            'dwpd': 'None',
            'expires_at': 'None',
            'form_factor': "'3.5'",
            'interface': "'SATA 6Gb/s'",
            'market_tier': "'enterprise'",
            'media_type': "'hdd'",
            'model_family': "'Exos'",
            'plp': 'None',
            'recording_tech': "'cmr'",
            'retention_class': "'manufacturer_reference'",
            'rpm': '7200',
            'sector_format': "'512e'",
            'sed': 'None',
            'spec_json': "{'seagate_recertified_sku': True}",
            'tbw': 'None',
            'workload_tb_year': 'None',
          }),
        ),
        tuple(
          'st18000ne000',
          dict({
            'cache_mb': '256',
            'capacity_tb': "Decimal('18.000')",
            'dwpd': 'None',
            'expires_at': 'None',
            'form_factor': "'3.5'",
            'interface': "'SATA 6Gb/s'",
            'market_tier': "'nas'",
            'media_type': "'hdd'",
            'model_family': "'IronWolf Pro'",
            'plp': 'None',
            'recording_tech': "'cmr'",
            'retention_class': "'manufacturer_reference'",
            'rpm': '7200',
            'sector_format': "'512e'",
            'sed': 'None',
            'spec_json': '{}',
            'tbw': 'None',
            'workload_tb_year': '300',
          }),
        ),
        tuple(
          'st20000ne000',
          dict({
            'cache_mb': '256',
            'capacity_tb': "Decimal('20.000')",
            'dwpd': 'None',
            'expires_at': 'None',
            'form_factor': "'3.5'",
            'interface': "'SATA 6Gb/s'",
            'market_tier': "'nas'",
            'media_type': "'hdd'",
            'model_family': "'IronWolf Pro'",
            'plp': 'None',
            'recording_tech': "'cmr'",
            'retention_class': "'manufacturer_reference'",
            'rpm': '7200',
            'sector_format': "'512e'",
            'sed': 'None',
            'spec_json': '{}',
            'tbw': 'None',
            'workload_tb_year': '300',
          }),
        ),
        tuple(
          'st20000nm002c',
          dict({
            'cache_mb': '512',
            'capacity_tb': "Decimal('20.000')",
            'dwpd': 'None',
            'expires_at': 'None',
            'form_factor': "'3.5'",
            'interface': "'SATA 6Gb/s'",
            'market_tier': "'enterprise'",
            'media_type': "'hdd'",
            'model_family': "'Exos'",
            'plp': 'None',
            'recording_tech': "'cmr'",
            'retention_class': "'manufacturer_reference'",
            'rpm': '7200',
            'sector_format': "'512e'",
            'sed': 'None',
            'spec_json': "{'seagate_recertified_sku': True}",
            'tbw': 'None',
            'workload_tb_year': 'None',
          }),
        ),
        tuple(
          'st22000nm000c',
          dict({
            'cache_mb': '512',
            'capacity_tb': "Decimal('22.000')",
            'dwpd': 'None',
            'expires_at': 'None',
            'form_factor': "'3.5'",
            'interface': "'SATA 6Gb/s'",
            'market_tier': "'enterprise'",
            'media_type': "'hdd'",
            'model_family': "'Exos'",
            'plp': 'None',
            'recording_tech': "'cmr'",
            'retention_class': "'manufacturer_reference'",
            'rpm': '7200',
            'sector_format': "'512e'",
            'sed': 'None',
            'spec_json': "{'seagate_recertified_sku': True}",
            'tbw': 'None',
            'workload_tb_year': 'None',
          }),
        ),
        tuple(
          'st24000nm000c',
          dict({
            'cache_mb': '512',
            'capacity_tb': "Decimal('24.000')",
            'dwpd': 'None',
            'expires_at': 'None',
            'form_factor': "'3.5'",
            'interface': "'SATA 6Gb/s'",
            'market_tier': "'enterprise'",
            'media_type': "'hdd'",
            'model_family': "'Exos'",
            'plp': 'None',
            'recording_tech': "'cmr'",
            'retention_class': "'manufacturer_reference'",
            'rpm': '7200',
            'sector_format': "'512e'",
            'sed': 'None',
            'spec_json': "{'seagate_recertified_sku': True}",
            'tbw': 'None',
            'workload_tb_year': 'None',
          }),
        ),
        tuple(
          'st26000nm000c',
          dict({
            'cache_mb': '512',
            'capacity_tb': "Decimal('26.000')",
            'dwpd': 'None',
            'expires_at': 'None',
            'form_factor': "'3.5'",
            'interface': "'SATA 6Gb/s'",
            'market_tier': "'enterprise'",
            'media_type': "'hdd'",
            'model_family': "'Exos'",
            'plp': 'None',
            'recording_tech': "'cmr'",
            'retention_class': "'manufacturer_reference'",
            'rpm': '7200',
            'sector_format': "'512e'",
            'sed': 'None',
            'spec_json': "{'seagate_recertified_sku': True}",
            'tbw': 'None',
            'workload_tb_year': 'None',
          }),
        ),
        tuple(
          'st28000nm000c',
          dict({
            'cache_mb': '512',
            'capacity_tb': "Decimal('28.000')",
            'dwpd': 'None',
            'expires_at': 'None',
            'form_factor': "'3.5'",
            'interface': "'SATA 6Gb/s'",
            'market_tier': "'enterprise'",
            'media_type': "'hdd'",
            'model_family': "'Exos'",
            'plp': 'None',
            'recording_tech': "'cmr'",
            'retention_class': "'manufacturer_reference'",
            'rpm': '7200',
            'sector_format': "'512e'",
            'sed': 'None',
            'spec_json': "{'seagate_recertified_sku': True}",
            'tbw': 'None',
            'workload_tb_year': 'None',
          }),
        ),
        tuple(
          'wuh721816ale604',
          dict({
            'cache_mb': '512',
            'capacity_tb': "Decimal('16.000')",
            'dwpd': 'None',
            'expires_at': 'None',
            'form_factor': "'3.5'",
            'interface': "'SATA 6Gb/s'",
            'market_tier': "'enterprise'",
            'media_type': "'hdd'",
            'model_family': "'Ultrastar DC HC550'",
            'plp': 'None',
            'recording_tech': "'cmr'",
            'retention_class': "'manufacturer_reference'",
            'rpm': '7200',
            'sector_format': "''",
            'sed': 'None',
            'spec_json': "{'suffix_note': 'ALE604 vs ALE6L4: distinct WD model numbers (power-disable pin / security position per HC550 SATA OEM manual); kept as separate product_model rows'}",
            'tbw': 'None',
            'workload_tb_year': '550',
          }),
        ),
        tuple(
          'wuh721816ale6l4',
          dict({
            'cache_mb': '512',
            'capacity_tb': "Decimal('16.000')",
            'dwpd': 'None',
            'expires_at': 'None',
            'form_factor': "'3.5'",
            'interface': "'SATA 6Gb/s'",
            'market_tier': "'enterprise'",
            'media_type': "'hdd'",
            'model_family': "'Ultrastar DC HC550'",
            'plp': 'None',
            'recording_tech': "'cmr'",
            'retention_class': "'manufacturer_reference'",
            'rpm': '7200',
            'sector_format': "'512e'",
            'sed': 'None',
            'spec_json': '{}',
            'tbw': 'None',
            'workload_tb_year': '550',
          }),
        ),
        tuple(
          'wuh721818al5201',
          dict({
            'cache_mb': '512',
            'capacity_tb': "Decimal('18.000')",
            'dwpd': 'None',
            'expires_at': 'None',
            'form_factor': "'3.5'",
            'interface': "'SAS 12Gb/s'",
            'market_tier': "'enterprise'",
            'media_type': "'hdd'",
            'model_family': "'Ultrastar DC HC550'",
            'plp': 'None',
            'recording_tech': "'cmr'",
            'retention_class': "'manufacturer_reference'",
            'rpm': '7200',
            'sector_format': "'512e'",
            'sed': 'None',
            'spec_json': '{}',
            'tbw': 'None',
            'workload_tb_year': '550',
          }),
        ),
        tuple(
          'wuh721818ale6l4',
          dict({
            'cache_mb': '512',
            'capacity_tb': "Decimal('18.000')",
            'dwpd': 'None',
            'expires_at': 'None',
            'form_factor': "'3.5'",
            'interface': "'SATA 6Gb/s'",
            'market_tier': "'enterprise'",
            'media_type': "'hdd'",
            'model_family': "'Ultrastar DC HC550'",
            'plp': 'None',
            'recording_tech': "'cmr'",
            'retention_class': "'manufacturer_reference'",
            'rpm': '7200',
            'sector_format': "'512e'",
            'sed': 'None',
            'spec_json': '{}',
            'tbw': 'None',
            'workload_tb_year': '550',
          }),
        ),
      ]),
      'families': list([
        tuple(
          'seagate',
          'Seagate',
          'exos',
          'Exos',
          'drive',
        ),
        tuple(
          'seagate',
          'Seagate',
          'ironwolf pro',
          'IronWolf Pro',
          'drive',
        ),
        tuple(
          'western_digital',
          'Western Digital',
          'ultrastar dc hc550',
          'Ultrastar DC HC550',
          'drive',
        ),
      ]),
      'models': list([
        tuple(
          'seagate',
          'st12000ne0008',
          'ST12000NE0008',
          'ironwolf pro',
          'manufacturer_reference',
          None,
        ),
        tuple(
          'seagate',
          'st14000ne0008',
          'ST14000NE0008',
          'ironwolf pro',
          'manufacturer_reference',
          None,
        ),
        tuple(
          'seagate',
          'st16000ne000',
          'ST16000NE000',
          'ironwolf pro',
          'manufacturer_reference',
          None,
        ),
        tuple(
          'seagate',
          'st16000nm002c',
          'ST16000NM002C',
          'exos',
          'manufacturer_reference',
          None,
        ),
        tuple(
          'seagate',
          'st18000ne000',
          'ST18000NE000',
          'ironwolf pro',
          'manufacturer_reference',
          None,
        ),
        tuple(
          'seagate',
          'st20000ne000',
          'ST20000NE000',
          'ironwolf pro',
          'manufacturer_reference',
          None,
        ),
        tuple(
          'seagate',
          'st20000nm002c',
          'ST20000NM002C',
          'exos',
          'manufacturer_reference',
          None,
        ),
        tuple(
          'seagate',
          'st22000nm000c',
          'ST22000NM000C',
          'exos',
          'manufacturer_reference',
          None,
        ),
        tuple(
          'seagate',
          'st24000nm000c',
          'ST24000NM000C',
          'exos',
          'manufacturer_reference',
          None,
        ),
        tuple(
          'seagate',
          'st26000nm000c',
          'ST26000NM000C',
          'exos',
          'manufacturer_reference',
          None,
        ),
        tuple(
          'seagate',
          'st28000nm000c',
          'ST28000NM000C',
          'exos',
          'manufacturer_reference',
          None,
        ),
        tuple(
          'western_digital',
          'wuh721816ale604',
          'WUH721816ALE604',
          'ultrastar dc hc550',
          'manufacturer_reference',
          None,
        ),
        tuple(
          'western_digital',
          'wuh721816ale6l4',
          'WUH721816ALE6L4',
          'ultrastar dc hc550',
          'manufacturer_reference',
          None,
        ),
        tuple(
          'western_digital',
          'wuh721818al5201',
          'WUH721818AL5201',
          'ultrastar dc hc550',
          'manufacturer_reference',
          None,
        ),
        tuple(
          'western_digital',
          'wuh721818ale6l4',
          'WUH721818ALE6L4',
          'ultrastar dc hc550',
          'manufacturer_reference',
          None,
        ),
      ]),
    }),
    'first_report': dict({
      'aliases_adopted': 0,
      'aliases_created': 17,
      'families_adopted': list([
      ]),
      'families_created': 3,
      'manufacturers_created': 2,
      'models_created': 15,
      'models_seen': 15,
      'specs_written': 15,
      'unreconciled_families': list([
      ]),
    }),
    'second_report': dict({
      'aliases_adopted': 0,
      'aliases_created': 0,
      'families_adopted': list([
        'exos',
        'ironwolf pro',
        'ultrastar dc hc550',
      ]),
      'families_created': 0,
      'manufacturers_created': 0,
      'models_created': 0,
      'models_seen': 15,
      'specs_written': 15,
      'unreconciled_families': list([
      ]),
    }),
  })
# ---
